// Jest Snapshot v1, https://goo.gl/fbAQLP

exports[`<EndGamePage/> renders as expected 1`] = `
<main
  className="end-game-page"
>
  <header>
    <h1
      className="end-message"
    >
      Game Over
    </h1>
  </header>
  <h2>
    Thanks for playing!
  </h2>
  <section
    className="end-game-controls"
  >
    <a
      href="/game-home-page"
      onClick={[Function]}
    >
      <button
        aria-label="go-back"
        className="home-button"
      >
        Go Back To Games Home
      </button>
    </a>
  </section>
</main>
`;
