// Jest Snapshot v1, https://goo.gl/fbAQLP

exports[`<Login/> renders as expected 1`] = `
<div>
  <h1>
    Select A Game
  </h1>
  <div
    className="type-container"
  >
    <a
      href="/game//game-start-page"
      onClick={[Function]}
    >
      <div
        className="title-img-container"
      >
        <img
          alt="pass-the-ball"
          className="title-img"
          src="https://raw.githubusercontent.com/josno/word-nerd-client/master/assets/titlecards/PassTheBall_TitleCard.png"
        />
      </div>
    </a>
  </div>
</div>
`;
