// Jest Snapshot v1, https://goo.gl/fbAQLP

exports[`<SignUp/> renders as expected 1`] = `
<div
  className="sign-up"
>
  <form
    onSubmit={[Function]}
  >
    <div
      className="input-form"
    >
      <input
        className="form-input"
        htmlFor="full-name"
        name="fullName"
        placeholder="Full Name"
        required={true}
        type="text"
      />
      <input
        className="form-input"
        htmlFor="username"
        name="username"
        placeholder="username"
        required={true}
        type="text"
      />
      <input
        className="form-input"
        htmlFor="password"
        name="password"
        placeholder="password"
        required={true}
        type="password"
      />
    </div>
    <button
      className="input-submit-button"
      type="submit"
    >
      Sign Up
    </button>
  </form>
  <div
    className="signup-message"
  >
     
    
  </div>
</div>
`;
