// Jest Snapshot v1, https://goo.gl/fbAQLP

exports[`<Home/> renders as expected 1`] = `
<div>
  <header
    role="banner"
  >
    <h1
      className="home-page-title"
    >
       Word Nerd 
    </h1>
  </header>
  <section>
    <header>
      <h3>
        Make english games to play in the classroom together.
      </h3>
    </header>
    <p>
      Generate a "Pass the Ball" game to play together in the classroom using your own vocabulary words.
    </p>
  </section>
  <section>
    <div
      className="entry-option"
    >
      <div
        className="form"
      >
        <ul>
          <li
            className="form-tab-list-item"
          >
            <button
              className="form-tab"
              onClick={[Function]}
            >
              Sign Up
            </button>
          </li>
          <li
            className="form-tab-list-item"
          >
            <button
              className="form-tab"
              onClick={[Function]}
            >
              Login
            </button>
          </li>
        </ul>
        <div
          className="sign-up"
        >
          <section>
            <div
              className="input-form"
            >
              <input
                className="form-input"
                htmlFor="first-name"
                name="firstName"
                onChange={[Function]}
                placeholder="First Name"
                type="text"
                value=""
              />
              <input
                className="form-input"
                htmlFor="last-name"
                name="lastName"
                onChange={[Function]}
                placeholder="Last Name"
                type="text"
                value=""
              />
              <input
                className="form-input"
                htmlFor="username"
                name="username"
                onChange={[Function]}
                placeholder="username"
                type="text"
                value=""
              />
              <input
                className="form-input"
                htmlFor="password"
                name="password"
                onChange={[Function]}
                placeholder="password"
                type="text"
                value=""
              />
            </div>
            <a
              href="/game-home-page"
              onClick={[Function]}
            >
              <button
                className="input-submit-button"
              >
                Sign Up
              </button>
            </a>
          </section>
        </div>
      </div>
    </div>
  </section>
</div>
`;
