// Jest Snapshot v1, https://goo.gl/fbAQLP

exports[`<Home/> renders as expected 1`] = `
<main
  className="homepage"
>
  <header
    role="banner"
  >
    <h1
      className="home-page-title"
    >
       Word Nerd 
    </h1>
  </header>
  <section
    className="app-description"
  >
    <div
      className="app-description-container"
    >
      <h3>
        Make english games to play in the classroom together.
      </h3>
      <p>
        Make a "Pass the Ball" game to play together in the classroom using your own vocabulary words.
      </p>
    </div>
  </section>
  <section>
    <div
      className="entry-option-container"
    >
      <div
        className="entry-form"
      >
        <div
          className="demo-information"
        >
          <p>
             Login demo
          </p>
          <p>
             user: 'nerd' pass: 'nerdpass'
          </p>
        </div>
        <button
          aria-label="sign-up"
          className="form-tab sign-up-tab"
          onClick={[Function]}
        >
          Sign Up
        </button>
        <button
          aria-label="login"
          className="form-tab login-tab"
          onClick={[Function]}
        >
          Login
        </button>
        <div
          className="login"
        >
          <form
            onSubmit={[Function]}
          >
            <div
              className="input-form"
            >
              <input
                aria-label="username"
                className="form-input"
                name="username"
                placeholder="username"
                required={true}
                type="text"
              />
              <input
                aria-label="password"
                className="form-input"
                name="password"
                placeholder="password"
                required={true}
                type="password"
              />
            </div>
            <button
              aria-label="login"
              className="input-submit-button"
              type="submit"
            >
              Login
            </button>
          </form>
          <div
            className="error-message"
          />
        </div>
      </div>
    </div>
  </section>
</main>
`;
