// Jest Snapshot v1, https://goo.gl/fbAQLP

exports[`<Login/> renders as expected 1`] = `
<div>
  <section>
    <div
      className="game-container"
    >
      <h1
        className="games-list-title"
      >
         Games List 
      </h1>
      <div
        className="game-list-container"
      >
        <ul
          className="list-of-games"
        />
      </div>
      <button
        className="create-game-button"
      >
        <a
          href="/input-page"
          onClick={[Function]}
        >
          <h2>
            Create a Pass the Ball Game
          </h2>
        </a>
      </button>
    </div>
  </section>
</div>
`;
