// Jest Snapshot v1, https://goo.gl/fbAQLP

exports[`<Login/> renders as expected 1`] = `
<main
  className="game-container"
>
  <header>
    <h1
      className="games-list-title"
    >
       Games List 
    </h1>
  </header>
  <section>
    <div
      className="game-list-container"
    >
      <ul
        className="list-of-games"
      />
    </div>
  </section>
  <div
    className="error-message"
  />
  <section>
    <a
      href="/input-page"
      onClick={[Function]}
    >
      <button
        aria-label="create"
        className="create-game-button"
      >
        Create a Pass the Ball Game
      </button>
    </a>
  </section>
</main>
`;
