// Jest Snapshot v1, https://goo.gl/fbAQLP

exports[`<InputPage/> renders as expected 1`] = `
<main
  className="input-page-container"
>
  <header
    className="input-instructions"
  >
    <h1
      className="input-instructions-text"
    >
      Type Words In The Box
    </h1>
    <p>
      Separate each word with a comma!
    </p>
  </header>
  <section>
    <form>
      <input
        className="title-name"
        onChange={[Function]}
        placeholder="Example: \\"Numbers\\" "
        required={true}
      />
      <div
        className="input-container"
      >
        <textarea
          aria-label="Type your words here"
          aria-required="true"
          className="input-box"
          onChange={[Function]}
          placeholder="Example: twenty, thirty..."
          required={true}
        />
      </div>
    </form>
  </section>
  <div
    className="submit-button-container"
  >
    <button
      aria-label="cancel"
      className="submit-cancel"
      onClick={[Function]}
    >
      Cancel
    </button>
    <button
      aria-label="submit"
      className="submit-input"
      disabled="Add a comma after each word."
      onClick={[Function]}
      type="submit"
    >
      Submit
    </button>
  </div>
</main>
`;
