// Jest Snapshot v1, https://goo.gl/fbAQLP

exports[`<PassTheBall/> renders as expected 1`] = `
<div
  className="game-play-container"
>
  <nav
    role="navigation"
  >
    nav
  </nav>
  <h1
    className="pass-the-ball"
  >
    Pass The Ball!
  </h1>
  <img
    alt="ball-placeholder"
    src="ball.png"
  />
  <h2>
    (Timer goes here)
  </h2>
  <div
    className="game-controls"
  >
    <a
      href="/end-game-page"
      onClick={[Function]}
    >
      <button
        className="game-end"
      >
        End Game
      </button>
    </a>
    <a
      href="/guess-the-word"
      onClick={[Function]}
    >
      <button
        className="next-button"
      >
        Next
      </button>
    </a>
  </div>
</div>
`;
