// Jest Snapshot v1, https://goo.gl/fbAQLP

exports[`<PassTheBall /> renders as expected 1`] = `
<section
  className="game-play-container"
>
  <header
    className="pass-the-ball"
  >
    <h1
      className="pass-the-ball-text"
    >
      Start
    </h1>
  </header>
  <div
    className="ball-image-container"
  >
    <img
      alt="ball-placeholder"
      className="ball-gif"
      src="giphy.gif"
    />
  </div>
</section>
`;
