// Jest Snapshot v1, https://goo.gl/fbAQLP

exports[`<Login/> renders as expected 1`] = `
<div
  className="login"
>
  <form
    onSubmit={[Function]}
  >
    <div
      className="input-form"
    >
      <input
        className="form-input"
        htmlFor="username"
        name="username"
        placeholder="username"
        required={true}
        type="text"
      />
      <input
        className="form-input"
        htmlFor="password"
        name="password"
        placeholder="password"
        required={true}
        type="password"
      />
    </div>
    <button
      className="input-submit-button"
      type="submit"
    >
      Login
    </button>
  </form>
  <div
    className="error-message"
  />
</div>
`;
