// Jest Snapshot v1, https://goo.gl/fbAQLP

exports[`<GuessTheWord/> renders as expected 1`] = `
<main
  className="guess-the-word-container"
>
  <section
    className="game-play-container"
  >
    <header
      className="scrambled-message"
    >
      <h1
        className="scrambled-message-text"
      >
        Start!
      </h1>
    </header>
    <div
      className="ball-image-container"
    >
      <img
        alt="ball-placeholder"
        className="ball-gif"
        src="giphy.gif"
      />
    </div>
  </section>
  <section
    className="game-controls"
  >
    <a
      href="/end-game-page"
      onClick={[Function]}
    >
      <button
        aria-label="end"
        className="control-button"
      >
        End
      </button>
    </a>
    <button
      aria-label="next"
      className="control-button"
      onClick={[Function]}
    >
      Next
    </button>
  </section>
</main>
`;
