// Jest Snapshot v1, https://goo.gl/fbAQLP

exports[`<GuessTheWord/> renders as expected 1`] = `
<div
  className="guess-the-word-container"
>
  <div
    className="game-play-container"
  >
    <div
      className="pass-the-ball"
    >
      <h1
        className="pass-the-ball-text"
      >
        Start
      </h1>
    </div>
    <div
      className="ball-image-container"
    >
      <img
        alt="ball-placeholder"
        className="ball-gif"
        src="giphy.gif"
      />
    </div>
  </div>
  <div
    className="game-controls"
  >
    <a
      href="/end-game-page"
      onClick={[Function]}
    >
      <button
        className="control-button"
      >
        End
      </button>
    </a>
    <button
      className="control-button"
      onClick={[Function]}
    >
      Answer
    </button>
    <button
      className="control-button"
      onClick={[Function]}
    >
      Next
    </button>
  </div>
</div>
`;
