// Jest Snapshot v1, https://goo.gl/fbAQLP

exports[`<EntryOption/> renders as expected 1`] = `
<div
  className="entry-option"
>
  <div
    className="form"
  >
    <ul>
      <li
        className="form-tab-list-item"
      >
        <button
          className="form-tab"
          onClick={[Function]}
        >
          Sign Up
        </button>
      </li>
      <li
        className="form-tab-list-item"
      >
        <button
          className="form-tab"
          onClick={[Function]}
        >
          Login
        </button>
      </li>
    </ul>
    <div
      className="login"
    >
      <form
        onSubmit={[Function]}
      >
        <div
          className="input-form"
        >
          <input
            className="form-input"
            htmlFor="username"
            name="username"
            placeholder="username"
            type="text"
          />
          <input
            className="form-input"
            htmlFor="password"
            name="password"
            placeholder="password"
            type="password"
          />
        </div>
        <button
          className="input-submit-button"
          type="submit"
        >
          Login
        </button>
      </form>
      <div
        className="error-message"
      />
    </div>
  </div>
</div>
`;
